../Src/main.c:54:6:idle_task	4	static
../Src/main.c:60:6:task1_handler	8	static
../Src/main.c:70:6:task2_handler	8	static
../Src/main.c:80:6:task3_handler	8	static
../Src/main.c:90:6:task4_handler	8	static
../Src/main.c:100:6:task_delay	24	static
../Src/main.c:110:29:init_sched_stack	0	static,ignoring_inline_asm
../Src/main.c:116:6:init_led	16	static
../Src/main.c:125:6:led_on	16	static
../Src/main.c:129:6:led_off	16	static
../Src/main.c:133:6:init_task_stack	24	static
../Src/main.c:175:5:main	8	static
../Src/main.c:195:6:enable_processor_faults	16	static
../Src/main.c:204:6:init_systick_timer	32	static
../Src/main.c:220:10:get_psp_value	4	static
../Src/main.c:224:29:change_sp_to_psp	0	static,ignoring_inline_asm
../Src/main.c:235:6:save_psp_value	16	static
../Src/main.c:239:6:update_next_task	16	static
../Src/main.c:253:6:SysTick_Handler	16	static
../Src/main.c:267:29:PendSV_Handler	0	static,ignoring_inline_asm
../Src/main.c:293:6:HardFault_Handler	8	static
../Src/main.c:298:6:MemManage_Handler	8	static
../Src/main.c:303:6:BusFault_Handler	8	static
../Src/main.c:308:6:UsageFault_Handler	8	static
